    Updating crates.io index
 Downloading crates ...
  Downloaded allocator-api2 v0.2.21
  Downloaded equivalent v1.0.2
  Downloaded cfg-if v1.0.4
  Downloaded rustc-hash v2.1.1
  Downloaded wasmtime-internal-math v37.0.3
  Downloaded target-lexicon v0.13.3
  Downloaded tempfile v3.23.0
  Downloaded serde_core v1.0.228
  Downloaded serde v1.0.228
  Downloaded memchr v2.7.6
  Downloaded regalloc2 v0.13.3
  Downloaded libm v0.2.15
  Downloaded hashbrown v0.16.1
  Downloaded hashbrown v0.15.5
  Downloaded indexmap v2.12.1
  Downloaded gimli v0.32.3
  Downloaded bumpalo v3.19.0
  Downloaded cranelift-isle v0.124.3
  Downloaded object v0.37.3
  Downloaded cranelift-codegen-meta v0.124.3
  Downloaded rustix v1.1.2
  Downloaded log v0.4.29
  Downloaded getrandom v0.3.4
  Downloaded crc32fast v1.5.0
  Downloaded cranelift-frontend v0.124.3
  Downloaded smallvec v1.15.1
  Downloaded once_cell v1.21.3
  Downloaded fallible-iterator v0.3.0
  Downloaded cranelift-bforest v0.124.3
  Downloaded cranelift-assembler-x64-meta v0.124.3
  Downloaded cranelift-assembler-x64 v0.124.3
  Downloaded libc v0.2.178
  Downloaded bitflags v2.10.0
  Downloaded arbitrary v1.4.2
  Downloaded anyhow v1.0.100
  Downloaded cranelift-codegen v0.124.3
  Downloaded target-lexicon v0.12.16
  Downloaded stable_deref_trait v1.2.1
  Downloaded foldhash v0.1.5
  Downloaded errno v0.3.14
  Downloaded cranelift-srcgen v0.124.3
  Downloaded cranelift-native v0.124.3
  Downloaded cranelift-entity v0.124.3
  Downloaded heck v0.5.0
  Downloaded fastrand v2.3.0
  Downloaded cranelift-control v0.124.3
  Downloaded cranelift-codegen-shared v0.124.3
  Downloaded cranelift-bitset v0.124.3
  Downloaded linux-raw-sys v0.11.0
  Downloaded cranelift-module v0.124.3
  Downloaded cranelift v0.124.3
  Downloaded cranelift-object v0.124.3
   Compiling cranelift-srcgen v0.124.3
   Compiling cranelift-isle v0.124.3
   Compiling hashbrown v0.16.1
   Compiling cranelift-codegen-shared v0.124.3
   Compiling cranelift-assembler-x64-meta v0.124.3
   Compiling libm v0.2.15
   Compiling heck v0.5.0
   Compiling foldhash v0.1.5
   Compiling equivalent v1.0.2
   Compiling indexmap v2.12.1
   Compiling cranelift-codegen-meta v0.124.3
   Compiling hashbrown v0.15.5
   Compiling allocator-api2 v0.2.21
   Compiling target-lexicon v0.13.3
   Compiling cranelift-assembler-x64 v0.124.3
   Compiling cranelift-bitset v0.124.3
   Compiling cranelift-entity v0.124.3
   Compiling bumpalo v3.19.0
   Compiling smallvec v1.15.1
   Compiling rustc-hash v2.1.1
   Compiling log v0.4.29
   Compiling arbitrary v1.4.2
   Compiling regalloc2 v0.13.3
   Compiling cranelift-control v0.124.3
   Compiling cranelift-codegen v0.124.3
   Compiling wasmtime-internal-math v37.0.3
   Compiling cranelift-bforest v0.124.3
   Compiling gimli v0.32.3
   Compiling cfg-if v1.0.4
   Compiling anyhow v1.0.100
   Compiling crc32fast v1.5.0
   Compiling object v0.37.3
   Compiling libc v0.2.178
   Compiling rustix v1.1.2
   Compiling target-lexicon v0.12.16
   Compiling memchr v2.7.6
   Compiling getrandom v0.3.4
   Compiling linux-raw-sys v0.11.0
   Compiling bitflags v2.10.0
   Compiling once_cell v1.21.3
   Compiling fastrand v2.3.0
   Compiling qtrt v0.1.0 (/app/crates/qtrt)
   Compiling tempfile v3.23.0
   Compiling cranelift-frontend v0.124.3
   Compiling cranelift-module v0.124.3
   Compiling cranelift-native v0.124.3
   Compiling cranelift-object v0.124.3
   Compiling cranelift v0.124.3
   Compiling qtri v0.1.0 (/app/crates/qtri)
    Finished `test` profile [unoptimized + debuginfo] target(s) in 1m 05s
     Running unittests src/main.rs (target/debug/deps/qtri-4dd6d228a246714a)

running 18 tests
test lex::tests::lex_quad_error_handling_keywords ... ok
test lex::tests::lex_quad_minimal_with_arrow_and_indent ... ok
test lex::tests::lex_tri_error_handling_keywords ... ok
test lex::tests::lex_tri_keywords_map_to_normalized_kw ... ok
test module_loader::tests::handles_cycles_without_duplicate_loading ... ok
test module_loader::tests::loads_imported_modules_before_entry_functions ... ok
test module_loader::tests::loads_mixed_languages ... ok
test module_loader::tests::resolves_nested_imports_relative_to_each_module ... ok
test parse::tests::parses_quad_dict_example ... ok
test parse::tests::parses_quad_enum_case_example ... ok
test parse::tests::parses_quad_fixed_array_examples ... ok
test parse::tests::parses_quad_heap_and_stack_struct_example ... ok
test parse::tests::parses_quad_text_operations_example ... ok
test parse::tests::parses_tri_enum_case_example ... ok
test parse::tests::parses_tri_fixed_array_examples ... ok
test parse::tests::parses_tri_heap_and_stack_struct_example ... ok
test parse::tests::parses_tri_map_example ... ok
test parse::tests::parses_tri_text_operations_example ... ok

test result: ok. 18 passed; 0 failed; 0 ignored; 0 measured; 0 filtered out; finished in 0.00s

     Running tests/bool_keywords.rs (target/debug/deps/bool_keywords-5094c67ff32694e5)

running 2 tests
   Compiling qtrt v0.1.0 (/app/crates/qtrt)
    Finished `release` profile [optimized] target(s) in 0.78s
   Compiling cranelift-srcgen v0.124.3
   Compiling cranelift-isle v0.124.3
   Compiling foldhash v0.1.5
   Compiling libm v0.2.15
   Compiling cranelift-assembler-x64-meta v0.124.3
   Compiling hashbrown v0.16.1
   Compiling heck v0.5.0
   Compiling cranelift-codegen-shared v0.124.3
   Compiling equivalent v1.0.2
   Compiling hashbrown v0.15.5
   Compiling indexmap v2.12.1
   Compiling cranelift-codegen-meta v0.124.3
   Compiling allocator-api2 v0.2.21
   Compiling cranelift-bitset v0.124.3
   Compiling cranelift-assembler-x64 v0.124.3
   Compiling target-lexicon v0.13.3
   Compiling cranelift-entity v0.124.3
   Compiling bumpalo v3.19.0
   Compiling rustc-hash v2.1.1
   Compiling smallvec v1.15.1
   Compiling arbitrary v1.4.2
   Compiling log v0.4.29
   Compiling regalloc2 v0.13.3
   Compiling cranelift-codegen v0.124.3
   Compiling cranelift-control v0.124.3
   Compiling wasmtime-internal-math v37.0.3
   Compiling cranelift-bforest v0.124.3
   Compiling gimli v0.32.3
   Compiling anyhow v1.0.100
   Compiling crc32fast v1.5.0
   Compiling cfg-if v1.0.4
   Compiling object v0.37.3
   Compiling target-lexicon v0.12.16
   Compiling memchr v2.7.6
   Compiling cranelift-frontend v0.124.3
   Compiling cranelift-module v0.124.3
   Compiling cranelift-native v0.124.3
   Compiling cranelift-object v0.124.3
   Compiling cranelift v0.124.3
test quad_bool_keywords_work has been running for over 60 seconds
test tri_bool_keywords_work has been running for over 60 seconds
   Compiling qtri v0.1.0 (/app/crates/qtri)
    Finished `release` profile [optimized] target(s) in 1m 21s
test quad_bool_keywords_work ... ok
test tri_bool_keywords_work ... ok

test result: ok. 2 passed; 0 failed; 0 ignored; 0 measured; 0 filtered out; finished in 82.59s

     Running tests/foreach_iter.rs (target/debug/deps/foreach_iter-5c846768844c9eb1)

running 2 tests
    Blocking waiting for file lock on package cache
    Blocking waiting for file lock on package cache
    Blocking waiting for file lock on build directory
    Finished `release` profile [optimized] target(s) in 0.04s
    Finished `release` profile [optimized] target(s) in 0.04s
    Blocking waiting for file lock on package cache
    Blocking waiting for file lock on package cache
    Blocking waiting for file lock on package cache
    Blocking waiting for file lock on package cache
    Blocking waiting for file lock on package cache
    Blocking waiting for file lock on package cache
    Blocking waiting for file lock on build directory
    Finished `release` profile [optimized] target(s) in 0.08s
    Finished `release` profile [optimized] target(s) in 0.08s
test tri_foreach_over_quad_std_range_runs ... ok
test quad_foreach_over_std_range_runs ... ok

test result: ok. 2 passed; 0 failed; 0 ignored; 0 measured; 0 filtered out; finished in 0.47s

     Running tests/inter_lang_imports.rs (target/debug/deps/inter_lang_imports-9ce4de245050eda8)

running 2 tests
    Blocking waiting for file lock on package cache
    Blocking waiting for file lock on package cache
    Finished `release` profile [optimized] target(s) in 0.04s
    Blocking waiting for file lock on build directory
    Finished `release` profile [optimized] target(s) in 0.04s
    Blocking waiting for file lock on package cache
    Blocking waiting for file lock on package cache
    Blocking waiting for file lock on package cache
    Blocking waiting for file lock on package cache
    Blocking waiting for file lock on package cache
    Blocking waiting for file lock on package cache
    Blocking waiting for file lock on build directory
    Finished `release` profile [optimized] target(s) in 0.07s
    Finished `release` profile [optimized] target(s) in 0.08s
test tri_can_use_import_quad_module ... ok
test quad_can_from_import_tri_module ... ok

test result: ok. 2 passed; 0 failed; 0 ignored; 0 measured; 0 filtered out; finished in 0.47s

     Running tests/practical_collections.rs (target/debug/deps/practical_collections-effeaac710d82523)

running 6 tests
    Finished `release` profile [optimized] target(s) in 0.03s
    Finished `release` profile [optimized] target(s) in 0.05s
test quad_soa_points_using_std_vec_pointers ... FAILED
test tri_aos_array_of_structs_works ... ok
test quad_aos_array_of_structs_works ... ok
test tri_soa_points_using_std_vec_pointers ... FAILED
test quad_dict_text_to_struct_via_parallel_arrays ... ok
test quad_dict_text_to_array_via_parallel_arrays ... ok

failures:

---- quad_soa_points_using_std_vec_pointers stdout ----

thread 'quad_soa_points_using_std_vec_pointers' (5581) panicked at crates/qtri/tests/practical_collections.rs:110:5:
qtri build failed
stdout:

stderr:
sem error: /tmp/qtri_practical_quad_soa_src_5577_1765801737958471746/main.quad:21:9: unknown method: free

note: run with `RUST_BACKTRACE=1` environment variable to display a backtrace

---- tri_soa_points_using_std_vec_pointers stdout ----

thread 'tri_soa_points_using_std_vec_pointers' (5680) panicked at crates/qtri/tests/practical_collections.rs:110:5:
qtri build failed
stdout:

stderr:
sem error: /tmp/qtri_practical_tri_soa_src_5577_1765801738396870817/main.tri:21:9: unknown method: free



failures:
    quad_soa_points_using_std_vec_pointers
    tri_soa_points_using_std_vec_pointers

test result: FAILED. 4 passed; 2 failed; 0 ignored; 0 measured; 0 filtered out; finished in 0.45s

error: test failed, to rerun pass `-p qtri --test practical_collections`
